// Jest Snapshot v1, https://goo.gl/fbAQLP

exports[`With Snapshot Testing Icon with className 1`] = `
<span
  className="icon some"
>
  <i
    className="fa fa-check"
  />
</span>
`;
